'MAX3232/SIT3232E_SSOP16_5R60X6R' 'max3232sit3232e_ssop16_5r60x6r.txt';
'RESISTOR_R0201_49.9R' 'resistor_r0201_499r.txt';
'CAP NP_C0201_1NF' 'capnp_c0201_1nf.txt';
'CAP NP_C0402_1NF' 'capnp_c0402_1nf.txt';
'CAP NP_C0402_2PF' 'capnp_c0402_2pf.txt';
'CAP NP_C0402_1UF' 'capnp_c0402_1uf.txt';
'DIODE BI_DIR TRIG_ESD0402_ESD53' 'diodebi_dirtrig_esd0402_esd53.txt';
'DIODE BI_DIR TRIG_ESD0402_ESD54' 'diodebi_dirtrig_esd0402_esd54.txt';
'CAP NP_C0402_DNP' 'capnp_c0402_dnp.txt';
'CAP NP_C0201_10NF' 'capnp_c0201_10nf.txt';
'CAP NP_C0402_10NF' 'capnp_c0402_10nf.txt';
'INDUCTORS OF FERRITE_IND_404030' 'inductorsofferrite_ind_404030.txt';
'CAP NP_C0402_12PF' 'capnp_c0402_12pf.txt';
'CAP NP_C0402_22PF' 'capnp_c0402_22pf.txt';
'INDUCTORS OF FERRITE_IND_303015' 'inductorsofferrite_ind_303015.txt';
'INDUCTORS OF FERRITE_IND_252012' 'inductorsofferrite_ind_252012.txt';
'INDUCTORS OF FERRITE_IND_404026' 'inductorsofferrite_ind_404026.txt';
'CAP NP_C0603_10UF' 'capnp_c0603_10uf.txt';
'CAP NP_C0402_4.7NF' 'capnp_c0402_47nf.txt';
'CAP NP_C0402_2.2UF' 'capnp_c0402_22uf.txt';
'CAP NP_C1206_10UF' 'capnp_c1206_10uf.txt';
'CAP NP_C0402_18PF' 'capnp_c0402_18pf.txt';
'CAP NP_C0603_22UF' 'capnp_c0603_22uf.txt';
'CAP NP_C1206_2.2UF' 'capnp_c1206_22uf.txt';
'INDUCTORS OF FERRITE_IND_606045' 'inductorsofferrite_ind_606045.txt';
'DIODE BI_DIR TRIG_ESD0402_ESD_1' 'diodebi_dirtrig_esd0402_esd_1.txt';
'CAP NP_C0402_4.7UF' 'capnp_c0402_47uf.txt';
'CAP NP_C0805_22UF' 'capnp_c0805_22uf.txt';
'CAP NP_C0603_4.7UF' 'capnp_c0603_47uf.txt';
'JP_AV1-8_1.4-5G_PJ3_RCA_2X1_PJ3' 'jp_av1-8_14-5g_pj3_rca_2x1_pj3.txt';
'DIODE BI_DIR TRIG_SOD_323_UDD32' 'diodebi_dirtrig_sod_323_udd32.txt';
'CAP NP_C0201_100NF' 'capnp_c0201_100nf.txt';
'CAP NP_C0201_100PF' 'capnp_c0201_100pf.txt';
'CAP NP_C0402_100NF' 'capnp_c0402_100nf.txt';
'CAP NP_C0201_220NF' 'capnp_c0201_220nf.txt';
'CAP NP_C0402_100PF' 'capnp_c0402_100pf.txt';
'CAP NP_C0603_100NF' 'capnp_c0603_100nf.txt';
'INDUCTORS OF FERRITE_IND_6060_1' 'inductorsofferrite_ind_6060_1.txt';
'DIODE DOUBLE_SOT_23_BAT54C' 'diodedouble_sot_23_bat54c.txt';
'HEADER 4_2_CN4M_2R54_V_DIP_CON4' 'header4_2_cn4m_2r54_v_dip_con4.txt';
'RESISTOR_R0402_3.3K' 'resistor_r0402_33k__1.txt';
'RESISTOR_R0402_1.8K' 'resistor_r0402_18k__1.txt';
'RESISTOR_R0402_47K' 'resistor_r0402_47k__1.txt';
'RESISTOR_R0402_2.2R' 'resistor_r0402_22r__1.txt';
'TP_TP_0R70_TP_0.7' 'tp_tp_0r70_tp_07.txt';
'MOSFET P_SOT_23_WPM3407-3/TR' 'mosfetp_sot_23_wpm3407-3tr.txt';
'CAP NP_C1206L_1000PF' 'capnp_c1206l_1000pf.txt';
'RESISTOR_R0402_2.2K' 'resistor_r0402_22k.txt';
'RESISTOR_R0402_4.7K' 'resistor_r0402_47k.txt';
'MOSFET N_SOT_323_2SK3018' 'mosfetn_sot_323_2sk3018.txt';
'RESISTOR_R0201_1.62K' 'resistor_r0201_162k.txt';
'RESISTOR_R0402_2.49K' 'resistor_r0402_249k.txt';
'RESISTOR_R1206_60.4R' 'resistor_r1206_604r.txt';
'INDUCTOR COM_RP2_0405_NC' 'inductorcom_rp2_0405_nc.txt';
'RESISTOR_R0402_49.9K' 'resistor_r0402_499k.txt';
